
        SystemC 2.3.3-Accellera --- Jul 21 2025 16:26:24
        Copyright (c) 1996-2018 by all Contributors,
        ALL RIGHTS RESERVED
